// Jest Snapshot v1, https://goo.gl/fbAQLP

exports[`Should render ExpenseListItem correctly 1`] = `
<div
  className="expense"
>
  <[object Object]
    to="/edit/1"
  >
    <h3>
      Gum
    </h3>
  </[object Object]>
  <p>
    Amount: 
    $1.95
    - Date: 
    1st Jan 1970
  </p>
</div>
`;
