// Jest Snapshot v1, https://goo.gl/fbAQLP

exports[`Should render LoginPage correctly 1`] = `
<div>
  <h1>
    Fill in your details to login
  </h1>
  <button>
    Login
  </button>
</div>
`;
